// Jest Snapshot v1, https://goo.gl/fbAQLP

exports[`transpiled Handlebars.compile to Handlebars.template 1`] = `
"import Handlebars from 'handlebars';

const source = function () {
  return { \\"1\\": function (container, depth0, helpers, partials, data) {

      var helper;return \\"    <li>\\" + container.escapeExpression((helper = (helper = helpers.title || (depth0 != null ? depth0.title : depth0)) != null ? helper : helpers.helperMissing, typeof helper === \\"function\\" ? helper.call(depth0 != null ? depth0 : {}, { \\"name\\": \\"title\\", \\"hash\\": {}, \\"data\\": data }) : helper)) + \\"</li>\\\\n\\";
    }, \\"compiler\\": [7, \\">= 4.0.0\\"], \\"main\\": function (container, depth0, helpers, partials, data) {
      var stack1;return \\"<ul>\\\\n\\" + ((stack1 = helpers.each.call(depth0 != null ? depth0 : {}, depth0 != null ? depth0.books : depth0, { \\"name\\": \\"each\\", \\"hash\\": {}, \\"fn\\": container.program(1, data, 0), \\"inverse\\": container.noop, \\"data\\": data })) != null ? stack1 : \\"\\") + \\"</ul>\\\\n\\";
    }, \\"useData\\": true };
}();

const template = Handlebars.template(source);

const context = { title: 'My New Post', body: 'This is my first post!' };
const html = template(context);

document.getElementById('app').innerHTML = html;"
`;
