// Jest Snapshot v1, https://goo.gl/fbAQLP

exports[`2. ymnn-jquery 1`] = `
"
$(el).hide();

      ↓ ↓ ↓ ↓ ↓ ↓

el.style.display = \\"none\\";
"
`;

exports[`4. ymnn-jquery 1`] = `
"
$(el).show();

      ↓ ↓ ↓ ↓ ↓ ↓

el.style.display = \\"\\";
"
`;

exports[`6. ymnn-jquery 1`] = `
"
$(el).addClass(className);

      ↓ ↓ ↓ ↓ ↓ ↓

el.classList.add(className);
"
`;
